=== PRODUCTION HARDENING LOG - Tue Jul 22 03:46:26 EDT 2025 ===
[0;35m╔════════════════════════════════════════════════════════╗[0m
[0;35m║  STARTING PRODUCTION HARDENING ITERATION 1[0m
[0;35m╚════════════════════════════════════════════════════════╝[0m
[0;35m🔄 ITERATION 1 - Tue Jul 22 03:46:26 EDT 2025[0m
[0;34mWorking directory: /Users/maevekelly/Downloads/yes[0m
[0;34m🔍 Checking prerequisites...[0m
[0;32m✅ Prerequisites satisfied[0m
[0;34m🏗️  Creating secure directory structure...[0m
[0;32m✅ Directory structure created[0m
[0;34m🔐 Removing hardcoded credentials and secrets...[0m
[1;33m🔧 Cleaning secrets from src/core/data_manager.py[0m
[0;32m✅ Hardcoded credentials removed[0m
[0;34m📝 Creating secure environment configuration...[0m
[0;32m✅ Environment configuration created[0m
[0;34m🗂️  Reorganizing source files...[0m
[1;33m🧪 Moving test_system.py → tests/unit/test_system.py[0m
[1;33m🧪 Moving test_perfect_system.py → tests/integration/test_integration.py[0m
[1;33m📜 Moving launch.sh → scripts/deployment/launch.sh[0m
[1;33m📜 Moving setup_perfect_environment.sh → scripts/deployment/setup.sh[0m
[1;33m📜 Moving launch_perfect_system.sh → scripts/deployment/launch_system.sh[0m
[0;32m✅ Source files reorganized[0m
[0;34m🔒 Creating security modules...[0m
[0;32m✅ Security modules created[0m
[0;34m📊 Creating monitoring and alerting system...[0m
[0;32m✅ Monitoring system created[0m
[0;34m💾 Creating backup and disaster recovery system...[0m
[0;32m✅ Backup system created[0m
[0;34m🗑️  Removing unnecessary and potentially dangerous files...[0m
[1;33m🗑️  Removing README.md[0m
[0;32m✅ Unnecessary files removed[0m
[0;34m📚 Creating production documentation...[0m
[0;32m✅ Production documentation created[0m
[0;34m🚫 Creating comprehensive .gitignore...[0m
[0;32m✅ Comprehensive .gitignore created[0m
[0;34m📦 Adding __init__.py files for proper imports...[0m
[0;32m✅ __init__.py files created[0m
[0;34m🔍 Running comprehensive security audit...[0m
[0;34m🧪 Running production readiness tests...[0m
[1;33mRunning integration tests...[0m
[0;31m❌ Integration tests failed[0m
[1;33m⚠️ Production tests failed - will retry in next iteration[0m
[1;33m⚠️ Iteration 1 incomplete - continuing...[0m
[0;34m💤 Waiting 5 seconds before next iteration...[0m
[0;35m╔════════════════════════════════════════════════════════╗[0m
[0;35m║  STARTING PRODUCTION HARDENING ITERATION 2[0m
[0;35m╚════════════════════════════════════════════════════════╝[0m
[0;35m🔄 ITERATION 2 - Tue Jul 22 03:46:37 EDT 2025[0m
[0;34mWorking directory: /Users/maevekelly/Downloads/yes[0m
[0;34m🔍 Checking prerequisites...[0m
[0;32m✅ Prerequisites satisfied[0m
[0;34m🏗️  Creating secure directory structure...[0m
[0;32m✅ Directory structure created[0m
[0;34m🔐 Removing hardcoded credentials and secrets...[0m
[0;32m✅ Hardcoded credentials removed[0m
[0;34m📝 Creating secure environment configuration...[0m
[0;32m✅ Environment configuration created[0m
[0;34m🗂️  Reorganizing source files...[0m
[0;32m✅ Source files reorganized[0m
[0;34m🔒 Creating security modules...[0m
[0;32m✅ Security modules created[0m
[0;34m📊 Creating monitoring and alerting system...[0m
[0;32m✅ Monitoring system created[0m
[0;34m💾 Creating backup and disaster recovery system...[0m
[0;32m✅ Backup system created[0m
[0;34m🗑️  Removing unnecessary and potentially dangerous files...[0m
[1;33m🗑️  Removing README.md[0m
[0;32m✅ Unnecessary files removed[0m
[0;34m📚 Creating production documentation...[0m
[0;32m✅ Production documentation created[0m
[0;34m🚫 Creating comprehensive .gitignore...[0m
[0;32m✅ Comprehensive .gitignore created[0m
[0;34m📦 Adding __init__.py files for proper imports...[0m
[0;32m✅ __init__.py files created[0m
[0;34m🔍 Running comprehensive security audit...[0m
[0;34m🧪 Running production readiness tests...[0m
[1;33mRunning integration tests...[0m
[0;31m❌ Integration tests failed[0m
[1;33m⚠️ Production tests failed - will retry in next iteration[0m
[1;33m⚠️ Iteration 2 incomplete - continuing...[0m
[0;34m💤 Waiting 5 seconds before next iteration...[0m
[0;35m╔════════════════════════════════════════════════════════╗[0m
[0;35m║  STARTING PRODUCTION HARDENING ITERATION 3[0m
[0;35m╚════════════════════════════════════════════════════════╝[0m
[0;35m🔄 ITERATION 3 - Tue Jul 22 03:46:46 EDT 2025[0m
[0;34mWorking directory: /Users/maevekelly/Downloads/yes[0m
[0;34m🔍 Checking prerequisites...[0m
[0;32m✅ Prerequisites satisfied[0m
[0;34m🏗️  Creating secure directory structure...[0m
[0;32m✅ Directory structure created[0m
[0;34m🔐 Removing hardcoded credentials and secrets...[0m
[0;32m✅ Hardcoded credentials removed[0m
[0;34m📝 Creating secure environment configuration...[0m
[0;32m✅ Environment configuration created[0m
[0;34m🗂️  Reorganizing source files...[0m
[0;32m✅ Source files reorganized[0m
[0;34m🔒 Creating security modules...[0m
[0;32m✅ Security modules created[0m
[0;34m📊 Creating monitoring and alerting system...[0m
[0;32m✅ Monitoring system created[0m
[0;34m💾 Creating backup and disaster recovery system...[0m
[0;32m✅ Backup system created[0m
[0;34m🗑️  Removing unnecessary and potentially dangerous files...[0m
[1;33m🗑️  Removing README.md[0m
[0;32m✅ Unnecessary files removed[0m
[0;34m📚 Creating production documentation...[0m
[0;32m✅ Production documentation created[0m
[0;34m🚫 Creating comprehensive .gitignore...[0m
[0;32m✅ Comprehensive .gitignore created[0m
[0;34m📦 Adding __init__.py files for proper imports...[0m
[0;32m✅ __init__.py files created[0m
[0;34m🔍 Running comprehensive security audit...[0m
[0;34m🧪 Running production readiness tests...[0m
[1;33mRunning integration tests...[0m
[0;31m❌ Integration tests failed[0m
[1;33m⚠️ Production tests failed - will retry in next iteration[0m
[1;33m⚠️ Iteration 3 incomplete - continuing...[0m
[0;34m💤 Waiting 5 seconds before next iteration...[0m
[0;35m╔════════════════════════════════════════════════════════╗[0m
[0;35m║  STARTING PRODUCTION HARDENING ITERATION 4[0m
[0;35m╚════════════════════════════════════════════════════════╝[0m
[0;35m🔄 ITERATION 4 - Tue Jul 22 03:46:55 EDT 2025[0m
[0;34mWorking directory: /Users/maevekelly/Downloads/yes[0m
[0;34m🔍 Checking prerequisites...[0m
[0;32m✅ Prerequisites satisfied[0m
[0;34m🏗️  Creating secure directory structure...[0m
[0;32m✅ Directory structure created[0m
[0;34m🔐 Removing hardcoded credentials and secrets...[0m
[0;32m✅ Hardcoded credentials removed[0m
[0;34m📝 Creating secure environment configuration...[0m
[0;32m✅ Environment configuration created[0m
[0;34m🗂️  Reorganizing source files...[0m
[0;32m✅ Source files reorganized[0m
[0;34m🔒 Creating security modules...[0m
[0;32m✅ Security modules created[0m
[0;34m📊 Creating monitoring and alerting system...[0m
[0;32m✅ Monitoring system created[0m
[0;34m💾 Creating backup and disaster recovery system...[0m
[0;32m✅ Backup system created[0m
[0;34m🗑️  Removing unnecessary and potentially dangerous files...[0m
[1;33m🗑️  Removing README.md[0m
[0;32m✅ Unnecessary files removed[0m
[0;34m📚 Creating production documentation...[0m
[0;32m✅ Production documentation created[0m
[0;34m🚫 Creating comprehensive .gitignore...[0m
[0;32m✅ Comprehensive .gitignore created[0m
[0;34m📦 Adding __init__.py files for proper imports...[0m
[0;32m✅ __init__.py files created[0m
[0;34m🔍 Running comprehensive security audit...[0m
[0;34m🧪 Running production readiness tests...[0m
[1;33mRunning integration tests...[0m
[0;31m❌ Integration tests failed[0m
[1;33m⚠️ Production tests failed - will retry in next iteration[0m
[1;33m⚠️ Iteration 4 incomplete - continuing...[0m
[0;34m💤 Waiting 5 seconds before next iteration...[0m
[0;35m╔════════════════════════════════════════════════════════╗[0m
[0;35m║  STARTING PRODUCTION HARDENING ITERATION 5[0m
[0;35m╚════════════════════════════════════════════════════════╝[0m
[0;35m🔄 ITERATION 5 - Tue Jul 22 03:47:04 EDT 2025[0m
[0;34mWorking directory: /Users/maevekelly/Downloads/yes[0m
[0;34m🔍 Checking prerequisites...[0m
[0;32m✅ Prerequisites satisfied[0m
[0;34m🏗️  Creating secure directory structure...[0m
[0;32m✅ Directory structure created[0m
[0;34m🔐 Removing hardcoded credentials and secrets...[0m
[0;32m✅ Hardcoded credentials removed[0m
[0;34m📝 Creating secure environment configuration...[0m
[0;32m✅ Environment configuration created[0m
[0;34m🗂️  Reorganizing source files...[0m
[0;32m✅ Source files reorganized[0m
[0;34m🔒 Creating security modules...[0m
[0;32m✅ Security modules created[0m
[0;34m📊 Creating monitoring and alerting system...[0m
[0;32m✅ Monitoring system created[0m
[0;34m💾 Creating backup and disaster recovery system...[0m
[0;32m✅ Backup system created[0m
[0;34m🗑️  Removing unnecessary and potentially dangerous files...[0m
[1;33m🗑️  Removing README.md[0m
[0;32m✅ Unnecessary files removed[0m
[0;34m📚 Creating production documentation...[0m
[0;32m✅ Production documentation created[0m
[0;34m🚫 Creating comprehensive .gitignore...[0m
[0;32m✅ Comprehensive .gitignore created[0m
[0;34m📦 Adding __init__.py files for proper imports...[0m
[0;32m✅ __init__.py files created[0m
[0;34m🔍 Running comprehensive security audit...[0m
[0;34m🧪 Running production readiness tests...[0m
[1;33mRunning integration tests...[0m
[0;31m❌ Integration tests failed[0m
[1;33m⚠️ Production tests failed - will retry in next iteration[0m
[1;33m⚠️ Iteration 5 incomplete - continuing...[0m
[0;34m💤 Waiting 5 seconds before next iteration...[0m
[0;35m╔════════════════════════════════════════════════════════╗[0m
[0;35m║  STARTING PRODUCTION HARDENING ITERATION 6[0m
[0;35m╚════════════════════════════════════════════════════════╝[0m
[0;35m🔄 ITERATION 6 - Tue Jul 22 03:47:13 EDT 2025[0m
[0;34mWorking directory: /Users/maevekelly/Downloads/yes[0m
[0;34m🔍 Checking prerequisites...[0m
[0;32m✅ Prerequisites satisfied[0m
[0;34m🏗️  Creating secure directory structure...[0m
[0;32m✅ Directory structure created[0m
[0;34m🔐 Removing hardcoded credentials and secrets...[0m
[0;32m✅ Hardcoded credentials removed[0m
[0;34m📝 Creating secure environment configuration...[0m
[0;32m✅ Environment configuration created[0m
[0;34m🗂️  Reorganizing source files...[0m
[0;32m✅ Source files reorganized[0m
[0;34m🔒 Creating security modules...[0m
[0;32m✅ Security modules created[0m
[0;34m📊 Creating monitoring and alerting system...[0m
[0;32m✅ Monitoring system created[0m
[0;34m💾 Creating backup and disaster recovery system...[0m
[0;32m✅ Backup system created[0m
[0;34m🗑️  Removing unnecessary and potentially dangerous files...[0m
[1;33m🗑️  Removing README.md[0m
[0;32m✅ Unnecessary files removed[0m
[0;34m📚 Creating production documentation...[0m
[0;32m✅ Production documentation created[0m
[0;34m🚫 Creating comprehensive .gitignore...[0m
[0;32m✅ Comprehensive .gitignore created[0m
[0;34m📦 Adding __init__.py files for proper imports...[0m
[0;32m✅ __init__.py files created[0m
[0;34m🔍 Running comprehensive security audit...[0m
[0;34m🧪 Running production readiness tests...[0m
[1;33mRunning integration tests...[0m
[0;31m❌ Integration tests failed[0m
[1;33m⚠️ Production tests failed - will retry in next iteration[0m
[1;33m⚠️ Iteration 6 incomplete - continuing...[0m
[0;34m💤 Waiting 5 seconds before next iteration...[0m
[0;35m╔════════════════════════════════════════════════════════╗[0m
[0;35m║  STARTING PRODUCTION HARDENING ITERATION 7[0m
[0;35m╚════════════════════════════════════════════════════════╝[0m
[0;35m🔄 ITERATION 7 - Tue Jul 22 03:47:23 EDT 2025[0m
[0;34mWorking directory: /Users/maevekelly/Downloads/yes[0m
[0;34m🔍 Checking prerequisites...[0m
[0;32m✅ Prerequisites satisfied[0m
[0;34m🏗️  Creating secure directory structure...[0m
[0;32m✅ Directory structure created[0m
[0;34m🔐 Removing hardcoded credentials and secrets...[0m
[0;32m✅ Hardcoded credentials removed[0m
[0;34m📝 Creating secure environment configuration...[0m
[0;32m✅ Environment configuration created[0m
[0;34m🗂️  Reorganizing source files...[0m
[0;32m✅ Source files reorganized[0m
[0;34m🔒 Creating security modules...[0m
[0;32m✅ Security modules created[0m
[0;34m📊 Creating monitoring and alerting system...[0m
[0;32m✅ Monitoring system created[0m
[0;34m💾 Creating backup and disaster recovery system...[0m
[0;32m✅ Backup system created[0m
[0;34m🗑️  Removing unnecessary and potentially dangerous files...[0m
[1;33m🗑️  Removing README.md[0m
[0;32m✅ Unnecessary files removed[0m
[0;34m📚 Creating production documentation...[0m
[0;32m✅ Production documentation created[0m
[0;34m🚫 Creating comprehensive .gitignore...[0m
[0;32m✅ Comprehensive .gitignore created[0m
[0;34m📦 Adding __init__.py files for proper imports...[0m
[0;32m✅ __init__.py files created[0m
[0;34m🔍 Running comprehensive security audit...[0m
