=== SECURITY AUDIT LOG - Tue Jul 22 03:46:26 EDT 2025 ===
🚨 HARDCODED SECRET FOUND: src/core/data_manager.py
✅ CLEANED: src/core/data_manager.py
REMOVED: README.md (unnecessary/duplicate)
=== SECURITY AUDIT RESULTS ===
✅ No hardcoded API keys found in source code
✅ .env file has secure permissions
⚠️ WARNING: Potentially dangerous function found in src: eval(
⚠️ WARNING: Potentially dangerous function found in src: exec(
⚠️ WARNING: Potentially dangerous function found in src: subprocess.call
⚠️ WARNING: Potentially dangerous function found in src: os.system
✅ Environment variables properly used

=== SECURITY AUDIT SUMMARY ===
🚨 Critical Issues: 0
⚠️ Warnings: 4
🛡️ SECURITY STATUS: GOOD
⚠️ Minor warnings present - review recommended
REMOVED: README.md (unnecessary/duplicate)
=== SECURITY AUDIT RESULTS ===
✅ No hardcoded API keys found in source code
✅ .env file has secure permissions
⚠️ WARNING: Potentially dangerous function found in src: eval(
⚠️ WARNING: Potentially dangerous function found in src: exec(
⚠️ WARNING: Potentially dangerous function found in src: subprocess.call
⚠️ WARNING: Potentially dangerous function found in src: os.system
✅ Environment variables properly used

=== SECURITY AUDIT SUMMARY ===
🚨 Critical Issues: 0
⚠️ Warnings: 4
🛡️ SECURITY STATUS: GOOD
⚠️ Minor warnings present - review recommended
REMOVED: README.md (unnecessary/duplicate)
=== SECURITY AUDIT RESULTS ===
✅ No hardcoded API keys found in source code
✅ .env file has secure permissions
⚠️ WARNING: Potentially dangerous function found in src: eval(
⚠️ WARNING: Potentially dangerous function found in src: exec(
⚠️ WARNING: Potentially dangerous function found in src: subprocess.call
⚠️ WARNING: Potentially dangerous function found in src: os.system
✅ Environment variables properly used

=== SECURITY AUDIT SUMMARY ===
🚨 Critical Issues: 0
⚠️ Warnings: 4
🛡️ SECURITY STATUS: GOOD
⚠️ Minor warnings present - review recommended
REMOVED: README.md (unnecessary/duplicate)
=== SECURITY AUDIT RESULTS ===
✅ No hardcoded API keys found in source code
✅ .env file has secure permissions
⚠️ WARNING: Potentially dangerous function found in src: eval(
⚠️ WARNING: Potentially dangerous function found in src: exec(
⚠️ WARNING: Potentially dangerous function found in src: subprocess.call
⚠️ WARNING: Potentially dangerous function found in src: os.system
✅ Environment variables properly used

=== SECURITY AUDIT SUMMARY ===
🚨 Critical Issues: 0
⚠️ Warnings: 4
🛡️ SECURITY STATUS: GOOD
⚠️ Minor warnings present - review recommended
REMOVED: README.md (unnecessary/duplicate)
=== SECURITY AUDIT RESULTS ===
✅ No hardcoded API keys found in source code
✅ .env file has secure permissions
⚠️ WARNING: Potentially dangerous function found in src: eval(
⚠️ WARNING: Potentially dangerous function found in src: exec(
⚠️ WARNING: Potentially dangerous function found in src: subprocess.call
⚠️ WARNING: Potentially dangerous function found in src: os.system
✅ Environment variables properly used

=== SECURITY AUDIT SUMMARY ===
🚨 Critical Issues: 0
⚠️ Warnings: 4
🛡️ SECURITY STATUS: GOOD
⚠️ Minor warnings present - review recommended
REMOVED: README.md (unnecessary/duplicate)
=== SECURITY AUDIT RESULTS ===
✅ No hardcoded API keys found in source code
✅ .env file has secure permissions
⚠️ WARNING: Potentially dangerous function found in src: eval(
⚠️ WARNING: Potentially dangerous function found in src: exec(
⚠️ WARNING: Potentially dangerous function found in src: subprocess.call
⚠️ WARNING: Potentially dangerous function found in src: os.system
✅ Environment variables properly used

=== SECURITY AUDIT SUMMARY ===
🚨 Critical Issues: 0
⚠️ Warnings: 4
🛡️ SECURITY STATUS: GOOD
⚠️ Minor warnings present - review recommended
REMOVED: README.md (unnecessary/duplicate)
=== SECURITY AUDIT RESULTS ===
✅ No hardcoded API keys found in source code
✅ .env file has secure permissions
⚠️ WARNING: Potentially dangerous function found in src: eval(
⚠️ WARNING: Potentially dangerous function found in src: exec(
⚠️ WARNING: Potentially dangerous function found in src: subprocess.call
